.next/types/validator.ts(53,39): error TS2307: Cannot find module '../../app/(dashboard)/dashboard/agent/page.js' or its corresponding type declarations.
.next/types/validator.ts(62,39): error TS2307: Cannot find module '../../app/(dashboard)/dashboard/analytics/page.js' or its corresponding type declarations.
.next/types/validator.ts(71,39): error TS2307: Cannot find module '../../app/(dashboard)/dashboard/knowledge/page.js' or its corresponding type declarations.
.next/types/validator.ts(80,39): error TS2307: Cannot find module '../../app/(dashboard)/dashboard/leads/[id]/page.js' or its corresponding type declarations.
.next/types/validator.ts(89,39): error TS2307: Cannot find module '../../app/(dashboard)/dashboard/leads/page.js' or its corresponding type declarations.
.next/types/validator.ts(98,39): error TS2307: Cannot find module '../../app/(dashboard)/dashboard/page.js' or its corresponding type declarations.
.next/types/validator.ts(107,39): error TS2307: Cannot find module '../../app/(dashboard)/dashboard/portfolio/page.js' or its corresponding type declarations.
.next/types/validator.ts(116,39): error TS2307: Cannot find module '../../app/(dashboard)/dashboard/settings/page.js' or its corresponding type declarations.
.next/types/validator.ts(260,39): error TS2307: Cannot find module '../../app/api/auth/[...nextauth]/route.js' or its corresponding type declarations.
.next/types/validator.ts(435,39): error TS2307: Cannot find module '../../app/(dashboard)/dashboard/layout.js' or its corresponding type declarations.
tests/api-knowledge-route.test.ts(1,56): error TS2307: Cannot find module 'bun:test' or its corresponding type declarations.
tests/dashboard-structure.test.ts(1,38): error TS2307: Cannot find module 'bun:test' or its corresponding type declarations.
tests/dashboard-structure.test.ts(5,33): error TS2867: Cannot find name 'Bun'. Do you need to install type definitions for Bun? Try `npm i --save-dev @types/bun`.
tests/dashboard-structure.test.ts(6,35): error TS2867: Cannot find name 'Bun'. Do you need to install type definitions for Bun? Try `npm i --save-dev @types/bun`.
tests/dashboard-structure.test.ts(7,31): error TS2867: Cannot find name 'Bun'. Do you need to install type definitions for Bun? Try `npm i --save-dev @types/bun`.
tests/knowledge-boundary.test.ts(1,38): error TS2307: Cannot find module 'bun:test' or its corresponding type declarations.
tests/knowledge-boundary.test.ts(5,31): error TS2867: Cannot find name 'Bun'. Do you need to install type definitions for Bun? Try `npm i --save-dev @types/bun`.
tests/knowledge-boundary.test.ts(12,36): error TS2867: Cannot find name 'Bun'. Do you need to install type definitions for Bun? Try `npm i --save-dev @types/bun`.
